ERROR
input.cq:3:6: mismatched input '=' expecting INT
