ERROR
input.cq:1:9: extraneous input '.' expecting {<EOF>, NEW_LINE, ';'}
