ERROR
input.cq:3:8: mismatched input '1' expecting ID
