SUCCESS
Program(
  version: <
    Version(
      items: 3.0
    )
  >
  num_qubits: 0
  error_model: -
  subcircuits: []
  mappings: []
  variables: []
  api_version: 3.0
)

