ERROR
input.cq:3:5: mismatched input '[' expecting {<EOF>, NEW_LINE, ';'}
