ERROR
input.cq:3:8: mismatched input '3.14' expecting ID
