SUCCESS
Program( # input.cq:1:1..2:1
  version: <
    Version( # input.cq:1:9..10
      items: 0
    )
  >
  num_qubits: 0
  error_model: -
  subcircuits: []
  mappings: []
  variables: []
)

