ERROR
input.cq:3:6: mismatched input 'q' expecting INTEGER_LITERAL
