SUCCESS
Program(
  version: <
    Version(
      items: 3
    )
  >
  num_qubits: -
  statements: <
    StatementList(
      items: [
        Mapping(
          alias: <
            Identifier(
              name: v
            )
          >
          expr: <
            Index(
              expr: <
                Identifier(
                  name: q
                )
              >
              indices: <
                IndexList(
                  items: [
                    IndexItem(
                      index: <
                        IntegerLiteral(
                          value: 0
                        )
                      >
                    )
                  ]
                )
              >
            )
          >
          annotations: []
        )
      ]
    )
  >
)

