SUCCESS
Program(
  version: <
    Version( # input.cq:1:9
      items: 3
    )
  >
  statements: <
    StatementList(
      items: [
        Variables(
          names: [
            Identifier(
              name: q
            )
          ]
          typ: <
            Identifier(
              name: qubit
            )
          >
          size: <
            IntegerLiteral(
              value: 0
            )
          >
          annotations: []
        )
        Variables(
          names: [
            Identifier(
              name: b
            )
          ]
          typ: <
            Identifier(
              name: bit
            )
          >
          size: <
            IntegerLiteral(
              value: 0
            )
          >
          annotations: []
        )
        MeasureStatement(
          bits: <
            Identifier(
              name: b
            )
          >
          qubits: <
            Identifier(
              name: q
            )
          >
          annotations: []
        )
      ]
    )
  >
)

