ERROR
input.cq:3:4: extraneous input '123' expecting {'[', IDENTIFIER}
