ERROR
input.cq:1:11: extraneous input '.1' expecting {<EOF>, NEW_LINE, ';'}
