ERROR
input.cq:3:7: extraneous input 'abc' expecting ']'
