SUCCESS
Program(
  version: <
    Version(
      items: 3
    )
  >
  statements: <
    StatementList(
      items: [
        Variable(
          name: <
            Identifier(
              name: q
            )
          >
          typ: <
            Identifier(
              name: qubit
            )
          >
          size: <
            IntegerLiteral(
              value: 2
            )
          >
        )
        Instruction(
          name: <
            Identifier(
              name: h
            )
          >
          operands: <
            ExpressionList(
              items: [
                Index(
                  expr: <
                    Identifier(
                      name: q
                    )
                  >
                  indices: <
                    IndexList(
                      items: [
                        IndexItem(
                          index: <
                            IntegerLiteral(
                              value: 0
                            )
                          >
                        )
                      ]
                    )
                  >
                )
              ]
            )
          >
        )
        Instruction(
          name: <
            Identifier(
              name: h
            )
          >
          operands: <
            ExpressionList(
              items: [
                Index(
                  expr: <
                    Identifier(
                      name: q
                    )
                  >
                  indices: <
                    IndexList(
                      items: [
                        IndexItem(
                          index: <
                            IntegerLiteral(
                              value: 1
                            )
                          >
                        )
                      ]
                    )
                  >
                )
              ]
            )
          >
        )
        Instruction(
          name: <
            Identifier(
              name: cnot
            )
          >
          operands: <
            ExpressionList(
              items: [
                Index(
                  expr: <
                    Identifier(
                      name: q
                    )
                  >
                  indices: <
                    IndexList(
                      items: [
                        IndexItem(
                          index: <
                            IntegerLiteral(
                              value: 0
                            )
                          >
                        )
                      ]
                    )
                  >
                )
                Index(
                  expr: <
                    Identifier(
                      name: q
                    )
                  >
                  indices: <
                    IndexList(
                      items: [
                        IndexItem(
                          index: <
                            IntegerLiteral(
                              value: 1
                            )
                          >
                        )
                      ]
                    )
                  >
                )
              ]
            )
          >
        )
      ]
    )
  >
)

