ERROR
Error at input.cq:1:9..12: the maximum cQASM version supported is 1.0, but the cQASM file is version 1.2
Error at input.cq:7:5..6: dynamic expressions are only supported from cQASM 1.1 onwards
