ERROR
input.cq:3:9: extraneous input 'q1' expecting {<EOF>, NEW_LINE, ';'}
