ERROR
input.cq:4:4: no viable alternative at input 'blah'
