ERROR
input.cq:3:4: mismatched input '=' expecting INTEGER_LITERAL
