ERROR
input.cq:3:4: mismatched input '1' expecting {'[', ID}
