SUCCESS
Program(
  version: <
    Version(
      items: 3
    )
  >
  statements: <
    StatementList(
      items: [
        Instruction(
          name: <
            Identifier(
              name: Qubit
            )
          >
          operands: <
            ExpressionList(
              items: [
                Identifier(
                  name: q
                )
              ]
            )
          >
        )
      ]
    )
  >
)

