ERROR
input.cq:1:0: mismatched input 'VERSION' expecting {NEW_LINE, ';', 'version'}
