ERROR
input.cq:2:2: value '18446744073709551616' is out of the INTEGER_LITERAL range
