ERROR
input.cq:5:4: no viable alternative at input 'blah\n'
