SUCCESS
Program(
  version: <
    Version( # input.cq:4:12..32
      items: 3.0
    )
  >
  statements: <
    StatementList(
      items: []
    )
  >
)

