ERROR
input.cq:3:11: extraneous input 'b1' expecting {<EOF>, NEW_LINE, ';'}
