ERROR
input.cq:2:6: mismatched input '<EOF>' expecting {INTEGER_LITERAL, FLOAT_LITERAL, IDENTIFIER}
