ERROR
input.cq:3:13: extraneous input 'q1' expecting {<EOF>, NEW_LINE, ';'}
