ERROR
input.cq:1:0: mismatched input 'Version' expecting {NEW_LINE, ';', 'version'}
