ERROR
input.cq:3:2: value '1.79769313486231570e+309' is out of the FLOAT_LITERAL range
