SUCCESS
Program(
  version: <
    Version(
      items: 3.0
    )
  >
  num_qubits: 3
  error_model: -
  subcircuits: [
    Subcircuit(
      name: 
      iterations: 1
      bundles: []
      annotations: []
      body: <
        Block(
          statements: [
            BundleExt(
              items: [
                Instruction(
                  instruction: X90(qubit reference)
                  name: X90
                  condition: <
                    ConstBool(
                      value: 1
                    )
                  >
                  operands: [
                    QubitRefs(
                      index: [
                        ConstInt(
                          value: 1
                        )
                        ConstInt(
                          value: 2
                        )
                      ]
                    )
                  ]
                  annotations: []
                )
              ]
              annotations: []
            )
            BundleExt(
              items: [
                Instruction(
                  instruction: CNOT(qubit reference, qubit reference)
                  name: CNOT
                  condition: <
                    ConstBool(
                      value: 1
                    )
                  >
                  operands: [
                    QubitRefs(
                      index: [
                        ConstInt(
                          value: 1
                        )
                      ]
                    )
                    QubitRefs(
                      index: [
                        ConstInt(
                          value: 0
                        )
                      ]
                    )
                  ]
                  annotations: []
                )
              ]
              annotations: []
            )
          ]
        )
      >
    )
  ]
  mappings: []
  variables: []
  api_version: 3.0
)

