SUCCESS
Program(
  version: <
    Version(
      items: 3
    )
  >
  num_qubits: <
    IntegerLiteral(
      value: 3
    )
  >
  statements: <
    StatementList(
      items: []
    )
  >
)

