ERROR
input.cq:4:11: mismatched input '\n' expecting {INTEGER_LITERAL, FLOAT_LITERAL, IDENTIFIER}
