ERROR
input.cq:3:4: mismatched input 'b' expecting INT
