ERROR
input.cq:3:8: mismatched input '=' expecting ID
