ERROR
input.cq:2:7: mismatched input '<EOF>' expecting {INTEGER_LITERAL, FLOAT_LITERAL, IDENTIFIER}
